// Jest Snapshot v1, https://goo.gl/fbAQLP

exports[`<Input /> Should match snapshot 1`] = `
.c0 {
  height: 32px;
  width: 100%;
  border: none;
  background: transparent;
  border-bottom: solid #ccc 1px;
  -webkit-transition: 0.4s;
  transition: 0.4s;
  color: #282828;
}

.c0:focus {
  border: none;
  outline: none;
  border-bottom: solid #0bb58d 1px;
}

<div>
  <input
    class="c0"
  />
</div>
`;
